[opula2.najmihasnaa.com/index.html]
[backblue.gif]
[fade.gif]
[index.html]
[opula2.najmihasnaa.com/images/icon.png]
[opula2.najmihasnaa.com/css/font-awesome.min.css]
[opula2.najmihasnaa.com/css/bootstrap.min.css]
[opula2.najmihasnaa.com/css/animate.min.css]
[opula2.najmihasnaa.com/css/main.css]
[opula2.najmihasnaa.com/index.html]
[opula2.najmihasnaa.com/images/logo2.png]
[opula2.najmihasnaa.com/index-3.html]
[opula2.najmihasnaa.com/about.html]
[opula2.najmihasnaa.com/team.html]
[opula2.najmihasnaa.com/faq.html]
[opula2.najmihasnaa.com/shop.html]
[opula2.najmihasnaa.com/collection.html]
[opula2.najmihasnaa.com/roadmap.html]
[opula2.najmihasnaa.com/blog.html]
[opula2.najmihasnaa.com/blog-single.html]
[opula2.najmihasnaa.com/contact.html]
[opula2.najmihasnaa.com/images/home.png]
[opula2.najmihasnaa.com/images/bid/4.jpg]
[opula2.najmihasnaa.com/images/avatars/1.jpg]
[opula2.najmihasnaa.com/images/bid/1.jpg]
[opula2.najmihasnaa.com/images/avatars/2.jpg]
[opula2.najmihasnaa.com/images/bid/2.jpg]
[opula2.najmihasnaa.com/images/avatars/3.jpg]
[opula2.najmihasnaa.com/images/about.png]
[opula2.najmihasnaa.com/images/bid/3.jpg]
[opula2.najmihasnaa.com/images/avatars/4.jpg]
[opula2.najmihasnaa.com/images/bid/5.jpg]
[opula2.najmihasnaa.com/images/avatars/6.jpg]
[opula2.najmihasnaa.com/images/bid/6.jpg]
[opula2.najmihasnaa.com/images/avatars/7.jpg]
[opula2.najmihasnaa.com/images/bid/7.jpg]
[opula2.najmihasnaa.com/images/avatars/14.jpg]
[opula2.najmihasnaa.com/images/bid/11.jpg]
[opula2.najmihasnaa.com/images/avatars/8.jpg]
[opula2.najmihasnaa.com/images/avatars/11.jpg]
[opula2.najmihasnaa.com/images/blog/1.jpg]
[opula2.najmihasnaa.com/images/blog/2.jpg]
[opula2.najmihasnaa.com/js/jquery-3.2.1.min.js]
[opula2.najmihasnaa.com/js/popper.min.js]
[opula2.najmihasnaa.com/js/bootstrap.min.js]
[opula2.najmihasnaa.com/js/isotope.min.js]
[opula2.najmihasnaa.com/js/wow.min.js]
[opula2.najmihasnaa.com/index.html]
[opula2.najmihasnaa.com/js/custom.js]
[opula2.najmihasnaa.com/fonts/fontawesome-webfontd41d.eot]
[opula2.najmihasnaa.com/fonts/fontawesome-webfont3e6e.eot]
[opula2.najmihasnaa.com/fonts/fontawesome-webfont3e6e.woff2]
[opula2.najmihasnaa.com/fonts/fontawesome-webfont3e6e.woff]
[opula2.najmihasnaa.com/css/font-awesome.min.css]
[opula2.najmihasnaa.com/css/bootstrap.min.css]
[opula2.najmihasnaa.com/css/animate.min.css]
[opula2.najmihasnaa.com/fonts/fontawesome-webfont3e6e.ttf]
[opula2.najmihasnaa.com/fonts/fontawesome-webfont3e6e.svg]
[opula2.najmihasnaa.com/css/main.css]
[opula2.najmihasnaa.com/css/colors/theme_color_1.css]
[opula2.najmihasnaa.com/index.html]
[opula2.najmihasnaa.com/images/footer-animation-bg.svg]
[opula2.najmihasnaa.com/css/owl.carousel.min.css]
[opula2.najmihasnaa.com/css/owl.theme.default.min.css]
[opula2.najmihasnaa.com/images/home.jpg]
[opula2.najmihasnaa.com/images/home2.jpg]
[opula2.najmihasnaa.com/images/home3.jpg]
[opula2.najmihasnaa.com/images/collections/1.jpg]
[opula2.najmihasnaa.com/images/collections/2.jpg]
[opula2.najmihasnaa.com/images/collections/3.jpg]
[opula2.najmihasnaa.com/images/collections/4.jpg]
[opula2.najmihasnaa.com/images/collections/5.jpg]
[opula2.najmihasnaa.com/images/collections/6.jpg]
[opula2.najmihasnaa.com/images/collections/7.jpg]
[opula2.najmihasnaa.com/images/collections/8.jpg]
[opula2.najmihasnaa.com/images/collections/9.jpg]
[opula2.najmihasnaa.com/images/collections/10.jpg]
[opula2.najmihasnaa.com/images/collections/11.jpg]
[opula2.najmihasnaa.com/images/collections/12.jpg]
[opula2.najmihasnaa.com/index-3.html]
[opula2.najmihasnaa.com/js/owl.carousel.min.js]
[opula2.najmihasnaa.com/about.html]
[opula2.najmihasnaa.com/team.html]
[opula2.najmihasnaa.com/faq.html]
[opula2.najmihasnaa.com/images/bid/9.jpg]
[opula2.najmihasnaa.com/images/bid/10.jpg]
[opula2.najmihasnaa.com/images/bid/13.jpg]
[opula2.najmihasnaa.com/images/bid/14.jpg]
[opula2.najmihasnaa.com/shop.html]
[opula2.najmihasnaa.com/images/collections/13.jpg]
[opula2.najmihasnaa.com/images/collections/14.jpg]
[opula2.najmihasnaa.com/images/collections/15.jpg]
[opula2.najmihasnaa.com/images/collections/16.jpg]
[opula2.najmihasnaa.com/images/collections/21.jpg]
[opula2.najmihasnaa.com/images/collections/22.jpg]
[opula2.najmihasnaa.com/images/collections/23.jpg]
[opula2.najmihasnaa.com/images/collections/24.jpg]
[opula2.najmihasnaa.com/images/collections/17.jpg]
[opula2.najmihasnaa.com/images/collections/18.jpg]
[opula2.najmihasnaa.com/images/collections/19.jpg]
[opula2.najmihasnaa.com/images/collections/20.jpg]
[opula2.najmihasnaa.com/collection.html]
[opula2.najmihasnaa.com/roadmap.html]
[opula2.najmihasnaa.com/images/blog/3.jpg]
[opula2.najmihasnaa.com/images/blog/4.jpg]
[opula2.najmihasnaa.com/images/blog/5.jpg]
[opula2.najmihasnaa.com/images/blog/6.jpg]
[opula2.najmihasnaa.com/blog.html]
[opula2.najmihasnaa.com/images/blog/7.jpg]
[opula2.najmihasnaa.com/images/comments/1.jpg]
[opula2.najmihasnaa.com/images/comments/2.jpg]
[opula2.najmihasnaa.com/images/comments/3.jpg]
[opula2.najmihasnaa.com/blog-single.html]
[opula2.najmihasnaa.com/contact.html]
[opula2.najmihasnaa.com/fonts/fontawesome-webfont3e6e.svg]
[opula2.najmihasnaa.com/images/footer-animation-bg.svg]
[opula2.najmihasnaa.com/css/owl.carousel.min.css]
[opula2.najmihasnaa.com/css/owl.theme.default.min.css]
[opula2.najmihasnaa.com/css/owl.video.play.html]
